###############################################################################
#
# IAR ELF Linker V9.10.2.313/W64 for ARM                  30/Oct/2021  18:14:36
# Copyright 2007-2021 IAR Systems AB.
#
#    Output file  =
#        C:\Users\Simon
#        Schwaab\Desktop\DMXSceneController\Exe\DMXSceneController
#    Map file     =
#        C:\Users\Simon
#        Schwaab\Desktop\DMXSceneController\List\DMXSceneController.map
#    Command line =
#        -f "C:\Users\Simon
#        Schwaab\Desktop\DMXSceneController\Exe\DMXSceneController.rsp"
#        ("C:\Users\Simon Schwaab\Desktop\DMXSceneController\Obj\src\dmx.o"
#        "C:\Users\Simon Schwaab\Desktop\DMXSceneController\Obj\src\init.o"
#        "C:\Users\Simon Schwaab\Desktop\DMXSceneController\Obj\src\io.o"
#        "C:\Users\Simon Schwaab\Desktop\DMXSceneController\Obj\src\iox.o"
#        "C:\Users\Simon Schwaab\Desktop\DMXSceneController\Obj\src\lcd.o"
#        "C:\Users\Simon Schwaab\Desktop\DMXSceneController\Obj\src\main.o"
#        "C:\Users\Simon Schwaab\Desktop\DMXSceneController\Obj\src\mem.o"
#        "C:\Users\Simon
#        Schwaab\Desktop\DMXSceneController\Obj\lib\st\src\misc.o"
#        "C:\Users\Simon
#        Schwaab\Desktop\DMXSceneController\Obj\src\startup_stm32f10x_md.o"
#        "C:\Users\Simon Schwaab\Desktop\DMXSceneController\Obj\src\states.o"
#        "C:\Users\Simon
#        Schwaab\Desktop\DMXSceneController\Obj\lib\st\src\stm32f10x_adc.o"
#        "C:\Users\Simon
#        Schwaab\Desktop\DMXSceneController\Obj\lib\st\src\stm32f10x_bkp.o"
#        "C:\Users\Simon
#        Schwaab\Desktop\DMXSceneController\Obj\lib\st\src\stm32f10x_can.o"
#        "C:\Users\Simon
#        Schwaab\Desktop\DMXSceneController\Obj\lib\st\src\stm32f10x_cec.o"
#        "C:\Users\Simon
#        Schwaab\Desktop\DMXSceneController\Obj\lib\st\src\stm32f10x_crc.o"
#        "C:\Users\Simon
#        Schwaab\Desktop\DMXSceneController\Obj\lib\st\src\stm32f10x_dac.o"
#        "C:\Users\Simon
#        Schwaab\Desktop\DMXSceneController\Obj\lib\st\src\stm32f10x_dbgmcu.o"
#        "C:\Users\Simon
#        Schwaab\Desktop\DMXSceneController\Obj\lib\st\src\stm32f10x_dma.o"
#        "C:\Users\Simon
#        Schwaab\Desktop\DMXSceneController\Obj\lib\st\src\stm32f10x_exti.o"
#        "C:\Users\Simon
#        Schwaab\Desktop\DMXSceneController\Obj\lib\st\src\stm32f10x_flash.o"
#        "C:\Users\Simon
#        Schwaab\Desktop\DMXSceneController\Obj\lib\st\src\stm32f10x_fsmc.o"
#        "C:\Users\Simon
#        Schwaab\Desktop\DMXSceneController\Obj\lib\st\src\stm32f10x_gpio.o"
#        "C:\Users\Simon
#        Schwaab\Desktop\DMXSceneController\Obj\lib\st\src\stm32f10x_i2c.o"
#        "C:\Users\Simon
#        Schwaab\Desktop\DMXSceneController\Obj\src\stm32f10x_it.o"
#        "C:\Users\Simon
#        Schwaab\Desktop\DMXSceneController\Obj\lib\st\src\stm32f10x_iwdg.o"
#        "C:\Users\Simon
#        Schwaab\Desktop\DMXSceneController\Obj\lib\st\src\stm32f10x_pwr.o"
#        "C:\Users\Simon
#        Schwaab\Desktop\DMXSceneController\Obj\lib\st\src\stm32f10x_rcc.o"
#        "C:\Users\Simon
#        Schwaab\Desktop\DMXSceneController\Obj\lib\st\src\stm32f10x_rtc.o"
#        "C:\Users\Simon
#        Schwaab\Desktop\DMXSceneController\Obj\lib\st\src\stm32f10x_sdio.o"
#        "C:\Users\Simon
#        Schwaab\Desktop\DMXSceneController\Obj\lib\st\src\stm32f10x_spi.o"
#        "C:\Users\Simon
#        Schwaab\Desktop\DMXSceneController\Obj\lib\st\src\stm32f10x_tim.o"
#        "C:\Users\Simon
#        Schwaab\Desktop\DMXSceneController\Obj\lib\st\src\stm32f10x_usart.o"
#        "C:\Users\Simon
#        Schwaab\Desktop\DMXSceneController\Obj\lib\st\src\stm32f10x_wwdg.o"
#        "C:\Users\Simon
#        Schwaab\Desktop\DMXSceneController\Obj\src\system_stm32f10x.o"
#        --redirect _Printf=_PrintfFull --redirect _Scanf=_ScanfFull
#        --no_out_extension -o "C:\Users\Simon
#        Schwaab\Desktop\DMXSceneController\Exe\DMXSceneController" --map
#        "C:\Users\Simon
#        Schwaab\Desktop\DMXSceneController\List\DMXSceneController.map"
#        --config "C:\Users\Simon
#        Schwaab\Desktop\DMXSceneController\link\stm32f10x_flash.icf"
#        --semihosting --entry __iar_program_start --vfe --text_out locale)
#
###############################################################################

*******************************************************************************
*** RUNTIME MODEL ATTRIBUTES
***

CppFlavor       = *
__SystemLibrary = DLib
__dlib_version  = 6


*******************************************************************************
*** HEAP SELECTION
***

The basic heap was selected because some modules are built with
size limitations (and not runtime checking), and --advanced_heap
was not specified.


*******************************************************************************
*** PLACEMENT SUMMARY
***

"A0":  place at address 0x800'0000 { ro section .intvec };
"P1":  place in [from 0x800'0000 to 0x80f'ffff] { ro };
define block CSTACK with size = 1K, alignment = 8 { };
define block HEAP with size = 512, alignment = 8 { };
"P2":  place in [from 0x2000'0000 to 0x2001'7fff] {
          rw, block CSTACK, block HEAP };
initialize by copy { rw };

  Section            Kind         Address    Size  Object
  -------            ----         -------    ----  ------
"A0":                                        0xec
  .intvec            ro code   0x800'0000    0xec  startup_stm32f10x_md.o [2]
                             - 0x800'00ec    0xec

"P1":                                      0x26e0
  .text              ro code   0x800'00ec   0x5b4  states.o [2]
  .text              ro code   0x800'06a0   0x204  stm32f10x_gpio.o [1]
  .text              ro code   0x800'08a4   0x104  main.o [2]
  .text              ro code   0x800'09a8    0x18  strcpy.o [4]
  .text              ro code   0x800'09c0   0x38c  dmx.o [2]
  .text              ro code   0x800'0d4c    0x1e  strcat.o [3]
  .text              ro code   0x800'0d6a    0x2a  copy_init3.o [4]
  .text              ro code   0x800'0d94   0x368  iox.o [2]
  .text              ro code   0x800'10fc    0xa4  init.o [2]
  .text              ro code   0x800'11a0   0x154  io.o [2]
  .text              ro code   0x800'12f4   0x238  lcd.o [2]
  .text              ro code   0x800'152c   0x248  mem.o [2]
  .text              ro code   0x800'1774   0x2d4  stm32f10x_rcc.o [1]
  .text              ro code   0x800'1a48   0x112  stm32f10x_usart.o [1]
  .text              ro code   0x800'1b5c    0xb4  stm32f10x_dma.o [1]
  .text              ro code   0x800'1c10    0x78  misc.o [1]
  .text              ro code   0x800'1c88   0x218  stm32f10x_tim.o [1]
  .text              ro code   0x800'1ea0    0x98  stm32f10x_exti.o [1]
  .text              ro code   0x800'1f38   0x1fe  stm32f10x_i2c.o [1]
  .text              ro code   0x800'2138    0x60  stm32f10x_spi.o [1]
  .text              ro code   0x800'2198   0x358  stm32f10x_it.o [2]
  Initializer bytes  const     0x800'24f0    0x50  <for P2-1>
  .text              ro code   0x800'2540    0x38  zero_init3.o [4]
  .text              ro code   0x800'2578    0x28  data_init.o [4]
  .iar.init_table    const     0x800'25a0    0x24  - Linker created -
  .text              ro code   0x800'25c4    0x1e  cmain.o [4]
  .text              ro code   0x800'25e2     0x4  low_level_init.o [3]
  .text              ro code   0x800'25e6     0x4  exit.o [3]
  .text              ro code   0x800'25ec     0xa  cexit.o [4]
  .text              ro code   0x800'25f8    0x14  exit.o [5]
  .text              ro code   0x800'260c    0x1c  cstartup_M.o [4]
  .rodata            const     0x800'2628    0x14  main.o [2]
  .rodata            const     0x800'263c    0x14  main.o [2]
  .rodata            const     0x800'2650    0x10  main.o [2]
  .rodata            const     0x800'2660    0x10  main.o [2]
  .rodata            const     0x800'2670    0x10  main.o [2]
  .rodata            const     0x800'2680    0x10  main.o [2]
  .rodata            const     0x800'2690    0x10  main.o [2]
  .rodata            const     0x800'26a0    0x10  main.o [2]
  .rodata            const     0x800'26b0     0xc  main.o [2]
  .rodata            const     0x800'26bc     0xc  main.o [2]
  .rodata            const     0x800'26c8     0xc  main.o [2]
  .rodata            const     0x800'26d4     0xc  main.o [2]
  .rodata            const     0x800'26e0     0xc  main.o [2]
  .rodata            const     0x800'26ec     0x8  main.o [2]
  .text              ro code   0x800'26f4     0x8  startup_stm32f10x_md.o [2]
  .text              ro code   0x800'26fc     0x4  startup_stm32f10x_md.o [2]
  .text              ro code   0x800'2700     0x4  startup_stm32f10x_md.o [2]
  .text              ro code   0x800'2704     0x4  startup_stm32f10x_md.o [2]
  .text              ro code   0x800'2708     0x4  startup_stm32f10x_md.o [2]
  .text              ro code   0x800'270c     0x4  startup_stm32f10x_md.o [2]
  .text              ro code   0x800'2710     0x4  startup_stm32f10x_md.o [2]
  .text              ro code   0x800'2714     0x4  startup_stm32f10x_md.o [2]
  .text              ro code   0x800'2718     0x4  startup_stm32f10x_md.o [2]
  .text              ro code   0x800'271c     0x4  startup_stm32f10x_md.o [2]
  .text              ro code   0x800'2720     0x4  startup_stm32f10x_md.o [2]
  .text              ro code   0x800'2724     0x4  startup_stm32f10x_md.o [2]
  .text              ro code   0x800'2728     0x4  startup_stm32f10x_md.o [2]
  .text              ro code   0x800'272c     0x4  startup_stm32f10x_md.o [2]
  .text              ro code   0x800'2730     0x4  startup_stm32f10x_md.o [2]
  .text              ro code   0x800'2734     0x4  startup_stm32f10x_md.o [2]
  .text              ro code   0x800'2738     0x4  startup_stm32f10x_md.o [2]
  .text              ro code   0x800'273c     0x4  startup_stm32f10x_md.o [2]
  .text              ro code   0x800'2740     0x4  startup_stm32f10x_md.o [2]
  .text              ro code   0x800'2744     0x4  startup_stm32f10x_md.o [2]
  .text              ro code   0x800'2748     0x4  startup_stm32f10x_md.o [2]
  .text              ro code   0x800'274c     0x4  startup_stm32f10x_md.o [2]
  .text              ro code   0x800'2750     0x4  startup_stm32f10x_md.o [2]
  .text              ro code   0x800'2754     0x4  startup_stm32f10x_md.o [2]
  .text              ro code   0x800'2758     0x4  startup_stm32f10x_md.o [2]
  .text              ro code   0x800'275c     0x4  startup_stm32f10x_md.o [2]
  .text              ro code   0x800'2760     0x4  startup_stm32f10x_md.o [2]
  .text              ro code   0x800'2764     0x4  startup_stm32f10x_md.o [2]
  .text              ro code   0x800'2768     0x4  startup_stm32f10x_md.o [2]
  .text              ro code   0x800'276c     0x4  startup_stm32f10x_md.o [2]
  .text              ro code   0x800'2770     0x4  startup_stm32f10x_md.o [2]
  .text              ro code   0x800'2774     0x4  startup_stm32f10x_md.o [2]
  .text              ro code   0x800'2778     0x4  startup_stm32f10x_md.o [2]
  .text              ro code   0x800'277c     0x4  startup_stm32f10x_md.o [2]
  .text              ro code   0x800'2780     0x4  startup_stm32f10x_md.o [2]
  .text              ro code   0x800'2784     0x4  startup_stm32f10x_md.o [2]
  .text              ro code   0x800'2788     0x4  startup_stm32f10x_md.o [2]
  .text              ro code   0x800'278c     0x4  startup_stm32f10x_md.o [2]
  .text              ro code   0x800'2790     0x4  startup_stm32f10x_md.o [2]
  .text              ro code   0x800'2794     0x4  startup_stm32f10x_md.o [2]
  .text              ro code   0x800'2798     0x4  startup_stm32f10x_md.o [2]
  .text              ro code   0x800'279c     0x4  startup_stm32f10x_md.o [2]
  .text              ro code   0x800'27a0     0x4  startup_stm32f10x_md.o [2]
  .text              ro code   0x800'27a4     0x4  startup_stm32f10x_md.o [2]
  .text              ro code   0x800'27a8     0x4  startup_stm32f10x_md.o [2]
  .text              ro code   0x800'27ac     0x4  startup_stm32f10x_md.o [2]
  .text              ro code   0x800'27b0     0x4  startup_stm32f10x_md.o [2]
  .text              ro code   0x800'27b4     0x4  startup_stm32f10x_md.o [2]
  .text              ro code   0x800'27b8     0x4  startup_stm32f10x_md.o [2]
  .text              ro code   0x800'27bc     0x4  startup_stm32f10x_md.o [2]
  .text              ro code   0x800'27c0     0x4  startup_stm32f10x_md.o [2]
  .text              ro code   0x800'27c4     0x4  startup_stm32f10x_md.o [2]
  .text              ro code   0x800'27c8     0x4  startup_stm32f10x_md.o [2]
  .rodata            const     0x800'27cc     0x0  zero_init3.o [4]
  .rodata            const     0x800'27cc     0x0  copy_init3.o [4]
                             - 0x800'27cc  0x26e0

"P2", part 1 of 3:                           0x50
  P2-1                        0x2000'0000    0x50  <Init block>
    .data            inited   0x2000'0000     0x4  main.o [2]
    .data            inited   0x2000'0004     0x4  main.o [2]
    .data            inited   0x2000'0008     0x4  main.o [2]
    .data            inited   0x2000'000c     0x4  main.o [2]
    .data            inited   0x2000'0010     0x4  main.o [2]
    .data            inited   0x2000'0014     0x4  main.o [2]
    .data            inited   0x2000'0018     0x4  main.o [2]
    .data            inited   0x2000'001c     0x4  main.o [2]
    .data            inited   0x2000'0020     0x4  main.o [2]
    .data            inited   0x2000'0024     0x4  main.o [2]
    .data            inited   0x2000'0028     0x4  main.o [2]
    .data            inited   0x2000'002c     0x4  main.o [2]
    .data            inited   0x2000'0030     0x4  main.o [2]
    .data            inited   0x2000'0034     0x4  main.o [2]
    .data            inited   0x2000'0038     0x4  main.o [2]
    .data            inited   0x2000'003c    0x10  stm32f10x_rcc.o [1]
    .data            inited   0x2000'004c     0x4  stm32f10x_rcc.o [1]
                            - 0x2000'0050    0x50

"P2", part 2 of 3:                          0x268
  .bss               zero     0x2000'0050   0x228  dmx.o [2]
  .bss               zero     0x2000'0278    0x24  lcd.o [2]
  .bss               zero     0x2000'029c     0x1  main.o [2]
  .bss               zero     0x2000'029d     0x1  main.o [2]
  .bss               zero     0x2000'029e     0x1  states.o [2]
  .bss               zero     0x2000'02a0     0x8  main.o [2]
  .bss               zero     0x2000'02a8     0x8  main.o [2]
  .bss               zero     0x2000'02b0     0x8  stm32f10x_it.o [2]
                            - 0x2000'02b8   0x268

"P2", part 3 of 3:                          0x400
  CSTACK                      0x2000'02b8   0x400  <Block>
    CSTACK           uninit   0x2000'02b8   0x400  <Block tail>
                            - 0x2000'06b8   0x400

Unused ranges:

         From           To      Size
         ----           --      ----
   0x800'27cc   0x80f'ffff  0xf'd834
  0x2000'06b8  0x2001'7fff  0x1'7948


*******************************************************************************
*** INIT TABLE
***

          Address      Size
          -------      ----
Zero (__iar_zero_init3)
    1 destination range, total size 0x268:
          0x2000'0050  0x268

Copy (__iar_copy_init3)
    1 source range, total size 0x50:
           0x800'24f0   0x50
    1 destination range, total size 0x50:
          0x2000'0000   0x50



*******************************************************************************
*** MODULE SUMMARY
***

    Module                  ro code  ro data  rw data
    ------                  -------  -------  -------
command line/config:
    -------------------------------------------------
    Total:

C:\Users\Simon Schwaab\Desktop\DMXSceneController\Obj\lib\st\src: [1]
    misc.o                      120
    stm32f10x_dma.o             180
    stm32f10x_exti.o            152
    stm32f10x_gpio.o            516
    stm32f10x_i2c.o             510
    stm32f10x_rcc.o             724       20       20
    stm32f10x_spi.o              96
    stm32f10x_tim.o             536
    stm32f10x_usart.o           274
    -------------------------------------------------
    Total:                    3'108       20       20

C:\Users\Simon Schwaab\Desktop\DMXSceneController\Obj\src: [2]
    dmx.o                       908               552
    init.o                      164
    io.o                        340
    iox.o                       872
    lcd.o                       568                36
    main.o                      260      264       78
    mem.o                       584
    startup_stm32f10x_md.o      452
    states.o                  1'460                 1
    stm32f10x_it.o              856                 8
    -------------------------------------------------
    Total:                    6'464      264      675

dl7M_tln.a: [3]
    exit.o                        4
    low_level_init.o              4
    strcat.o                     30
    -------------------------------------------------
    Total:                       38

rt7M_tl.a: [4]
    cexit.o                      10
    cmain.o                      30
    copy_init3.o                 42
    cstartup_M.o                 28
    data_init.o                  40
    strcpy.o                     24
    zero_init3.o                 56
    -------------------------------------------------
    Total:                      230

shb_l.a: [5]
    exit.o                       20
    -------------------------------------------------
    Total:                       20

    Gaps                          8                 1
    Linker created                        36    1'024
-----------------------------------------------------
    Grand Total:              9'868      320    1'720


*******************************************************************************
*** ENTRY LIST
***

Entry                       Address   Size  Type      Object
-----                       -------   ----  ----      ------
.iar.init_table$$Base    0x800'25a0          --   Gb  - Linker created -
.iar.init_table$$Limit   0x800'25c4          --   Gb  - Linker created -
?main                    0x800'25c5         Code  Gb  cmain.o [4]
ADCPrescTable           0x2000'004c    0x4  Data  Lc  stm32f10x_rcc.o [1]
APBAHBPrescTable        0x2000'003c   0x10  Data  Lc  stm32f10x_rcc.o [1]
BusFault_Handler         0x800'219f    0x2  Code  Gb  stm32f10x_it.o [2]
CSTACK$$Base            0x2000'02b8          --   Gb  - Linker created -
CSTACK$$Limit           0x2000'06b8          --   Gb  - Linker created -
DMA1_Channel2_IRQHandler
                         0x800'229b   0x5a  Code  Gb  stm32f10x_it.o [2]
DMA1_Channel5_IRQHandler
                         0x800'22f5   0x36  Code  Gb  stm32f10x_it.o [2]
DMA_ClearITPendingBit    0x800'1bf1   0x10  Code  Gb  stm32f10x_dma.o [1]
DMA_Cmd                  0x800'1b99   0x1e  Code  Gb  stm32f10x_dma.o [1]
DMA_GetITStatus          0x800'1bcf   0x22  Code  Gb  stm32f10x_dma.o [1]
DMA_ITConfig             0x800'1bb7   0x18  Code  Gb  stm32f10x_dma.o [1]
DMA_Init                 0x800'1b5d   0x3c  Code  Gb  stm32f10x_dma.o [1]
DebugMon_Handler         0x800'21a5    0x2  Code  Gb  stm32f10x_it.o [2]
EXTI0_IRQHandler         0x800'21c1    0x2  Code  Gb  stm32f10x_it.o [2]
EXTI15_10_IRQHandler     0x800'232b   0xf8  Code  Gb  stm32f10x_it.o [2]
EXTI9_5_IRQHandler       0x800'2423   0x70  Code  Gb  stm32f10x_it.o [2]
EXTI_Init                0x800'1ea1   0x86  Code  Gb  stm32f10x_exti.o [1]
GPIO_EXTILineConfig      0x800'0841   0x58  Code  Gb  stm32f10x_gpio.o [1]
GPIO_Init                0x800'06a1   0xee  Code  Gb  stm32f10x_gpio.o [1]
GPIO_PinRemapConfig      0x800'07bb   0x86  Code  Gb  stm32f10x_gpio.o [1]
GPIO_ReadInputDataBit    0x800'078f   0x1c  Code  Gb  stm32f10x_gpio.o [1]
GPIO_ResetBits           0x800'07b3    0x8  Code  Gb  stm32f10x_gpio.o [1]
GPIO_SetBits             0x800'07ab    0x8  Code  Gb  stm32f10x_gpio.o [1]
HardFault_Handler        0x800'219b    0x2  Code  Gb  stm32f10x_it.o [2]
I2C_AcknowledgeConfig    0x800'2061   0x1e  Code  Gb  stm32f10x_i2c.o [1]
I2C_CheckEvent           0x800'20c3   0x30  Code  Gb  stm32f10x_i2c.o [1]
I2C_GenerateSTART        0x800'2025   0x1e  Code  Gb  stm32f10x_i2c.o [1]
I2C_GenerateSTOP         0x800'2043   0x1e  Code  Gb  stm32f10x_i2c.o [1]
I2C_GetFlagStatus        0x800'20f3   0x44  Code  Gb  stm32f10x_i2c.o [1]
I2C_Init                 0x800'1f39   0xdc  Code  Gb  stm32f10x_i2c.o [1]
I2C_ReceiveData          0x800'2087    0x6  Code  Gb  stm32f10x_i2c.o [1]
I2C_Send7bitAddress      0x800'208d   0x1a  Code  Gb  stm32f10x_i2c.o [1]
I2C_SendData             0x800'207f    0x8  Code  Gb  stm32f10x_i2c.o [1]
I2C_SoftwareResetCmd     0x800'20a7   0x1c  Code  Gb  stm32f10x_i2c.o [1]
MemManage_Handler        0x800'219d    0x2  Code  Gb  stm32f10x_it.o [2]
NMI_Handler              0x800'2199    0x2  Code  Gb  stm32f10x_it.o [2]
NVIC_Init                0x800'1c11   0x66  Code  Gb  misc.o [1]
PendSV_Handler           0x800'21a7    0x2  Code  Gb  stm32f10x_it.o [2]
RCC_AHBPeriphClockCmd    0x800'1971   0x20  Code  Gb  stm32f10x_rcc.o [1]
RCC_APB1PeriphClockCmd   0x800'19b1   0x20  Code  Gb  stm32f10x_rcc.o [1]
RCC_APB2PeriphClockCmd   0x800'1991   0x20  Code  Gb  stm32f10x_rcc.o [1]
RCC_GetClocksFreq        0x800'187d   0xf4  Code  Gb  stm32f10x_rcc.o [1]
RCC_GetFlagStatus        0x800'19d1   0x46  Code  Gb  stm32f10x_rcc.o [1]
RCC_HCLKConfig           0x800'1845   0x12  Code  Gb  stm32f10x_rcc.o [1]
RCC_HSEConfig            0x800'1775   0x56  Code  Gb  stm32f10x_rcc.o [1]
RCC_PCLK1Config          0x800'1857   0x12  Code  Gb  stm32f10x_rcc.o [1]
RCC_PCLK2Config          0x800'1869   0x14  Code  Gb  stm32f10x_rcc.o [1]
RCC_PLLCmd               0x800'1823    0xc  Code  Gb  stm32f10x_rcc.o [1]
RCC_PLLConfig            0x800'1807   0x1c  Code  Gb  stm32f10x_rcc.o [1]
RCC_SYSCLKConfig         0x800'182f   0x16  Code  Gb  stm32f10x_rcc.o [1]
RCC_WaitForHSEStartUp    0x800'17cb   0x3c  Code  Gb  stm32f10x_rcc.o [1]
Region$$Table$$Base      0x800'25a0          --   Gb  - Linker created -
Region$$Table$$Limit     0x800'25c4          --   Gb  - Linker created -
SPI_Cmd                  0x800'2177   0x1e  Code  Gb  stm32f10x_spi.o [1]
SPI_I2S_SendData         0x800'2195    0x4  Code  Gb  stm32f10x_spi.o [1]
SPI_Init                 0x800'2139   0x3e  Code  Gb  stm32f10x_spi.o [1]
SVC_Handler              0x800'21a3    0x2  Code  Gb  stm32f10x_it.o [2]
SysTick_Handler          0x800'21a9   0x18  Code  Gb  stm32f10x_it.o [2]
TIM2_IRQHandler          0x800'21c3    0x2  Code  Gb  stm32f10x_it.o [2]
TIM3_IRQHandler          0x800'21c5   0x56  Code  Gb  stm32f10x_it.o [2]
TIM4_IRQHandler          0x800'221b   0x80  Code  Gb  stm32f10x_it.o [2]
TIM_ClearITPendingBit    0x800'1e7b    0xa  Code  Gb  stm32f10x_tim.o [1]
TIM_Cmd                  0x800'1e45   0x1e  Code  Gb  stm32f10x_tim.o [1]
TIM_ITConfig             0x800'1e63   0x18  Code  Gb  stm32f10x_tim.o [1]
TIM_OC1Init              0x800'1d15   0x94  Code  Gb  stm32f10x_tim.o [1]
TIM_OC2Init              0x800'1da9   0x8a  Code  Gb  stm32f10x_tim.o [1]
TIM_TimeBaseInit         0x800'1c89   0x8c  Code  Gb  stm32f10x_tim.o [1]
USART_Cmd                0x800'1b25   0x1e  Code  Gb  stm32f10x_usart.o [1]
USART_DMACmd             0x800'1b43   0x18  Code  Gb  stm32f10x_usart.o [1]
USART_Init               0x800'1a49   0xd8  Code  Gb  stm32f10x_usart.o [1]
UsageFault_Handler       0x800'21a1    0x2  Code  Gb  stm32f10x_it.o [2]
__cmain                  0x800'25c5         Code  Gb  cmain.o [4]
__exit                   0x800'25f9   0x14  Code  Gb  exit.o [5]
__iar_copy_init3         0x800'0d6b   0x2a  Code  Gb  copy_init3.o [4]
__iar_data_init3         0x800'2579   0x28  Code  Gb  data_init.o [4]
__iar_program_start      0x800'260d         Code  Gb  cstartup_M.o [4]
__iar_zero_init3         0x800'2541   0x38  Code  Gb  zero_init3.o [4]
__low_level_init         0x800'25e3    0x4  Code  Gb  low_level_init.o [3]
__vector_table           0x800'0000         Data  Gb  startup_stm32f10x_md.o [2]
_call_main               0x800'25d1         Code  Gb  cmain.o [4]
_exit                    0x800'25ed         Code  Gb  cexit.o [4]
debounce_end            0x2000'02b0    0x8  Data  Gb  stm32f10x_it.o [2]
dmx                     0x2000'0050  0x228  Data  Gb  dmx.o [2]
dmx_capture_frame        0x800'0cc5    0xe  Code  Gb  dmx.o [2]
dmx_request_stop_transmit
                         0x800'0c77   0x14  Code  Gb  dmx.o [2]
dmx_start_transmit       0x800'0c8b   0x3a  Code  Gb  dmx.o [2]
exit                     0x800'25e7    0x4  Code  Gb  exit.o [3]
fsm                      0x800'00ed  0x5b4  Code  Gb  states.o [2]
i2c_transmit_data        0x800'1065   0x70  Code  Gb  iox.o [2]
init_clock               0x800'110f   0x7c  Code  Gb  init.o [2]
init_core                0x800'10fd   0x12  Code  Gb  init.o [2]
init_dmx                 0x800'09c1  0x2b6  Code  Gb  dmx.o [2]
init_i2c_iox             0x800'0d95  0x18e  Code  Gb  iox.o [2]
init_io                  0x800'11a1  0x154  Code  Gb  io.o [2]
init_iox_interrupt       0x800'0f23   0x62  Code  Gb  iox.o [2]
init_lcd                 0x800'1391   0xa0  Code  Gb  lcd.o [2]
init_mem                 0x800'152d   0xbe  Code  Gb  mem.o [2]
iox_read_input           0x800'0fb5   0xb0  Code  Gb  iox.o [2]
iox_set_led              0x800'0f85   0x30  Code  Gb  iox.o [2]
last_led_flash          0x2000'02a8    0x8  Data  Gb  main.o [2]
lcd                     0x2000'0278   0x24  Data  Gb  lcd.o [2]
lcd_clear                0x800'14cd   0x18  Code  Gb  lcd.o [2]
lcd_putchars             0x800'1479   0x54  Code  Gb  lcd.o [2]
lcd_repaint              0x800'14e5   0x3a  Code  Gb  lcd.o [2]
lcd_setcursor            0x800'1431   0x48  Code  Gb  lcd.o [2]
lcd_write                0x800'1371   0x20  Code  Gb  lcd.o [2]
lcd_write4bit            0x800'12f5   0x7c  Code  Gb  lcd.o [2]
load_scene               0x800'0cd3   0x1e  Code  Gb  dmx.o [2]
main                     0x800'08a5   0xbe  Code  Gb  main.o [2]
menu_buttons            0x2000'029d    0x1  Data  Gb  main.o [2]
millis                  0x2000'02a0    0x8  Data  Gb  main.o [2]
read_from_eeprom         0x800'16db   0x84  Code  Gb  mem.o [2]
recall_buttons          0x2000'029c    0x1  Data  Gb  main.o [2]
save_scene               0x800'0cf1   0x1e  Code  Gb  dmx.o [2]
state                   0x2000'029e    0x1  Data  Gb  states.o [2]
str_bootup_1            0x2000'0000    0x4  Data  Gb  main.o [2]
str_bootup_2            0x2000'0004    0x4  Data  Gb  main.o [2]
str_null                0x2000'0038    0x4  Data  Gb  main.o [2]
str_passtrough_1        0x2000'0010    0x4  Data  Gb  main.o [2]
str_recall_1            0x2000'0008    0x4  Data  Gb  main.o [2]
str_recall_2            0x2000'000c    0x4  Data  Gb  main.o [2]
str_record_1            0x2000'0014    0x4  Data  Gb  main.o [2]
str_record_2            0x2000'0018    0x4  Data  Gb  main.o [2]
str_record_foundframe_1
                        0x2000'0020    0x4  Data  Gb  main.o [2]
str_record_foundframe_2
                        0x2000'0024    0x4  Data  Gb  main.o [2]
str_record_savedframe_1
                        0x2000'0028    0x4  Data  Gb  main.o [2]
str_record_savedframe_2
                        0x2000'002c    0x4  Data  Gb  main.o [2]
str_record_searchframe_1
                        0x2000'001c    0x4  Data  Gb  main.o [2]
str_record_timeout_1    0x2000'0030    0x4  Data  Gb  main.o [2]
str_record_timeout_2    0x2000'0034    0x4  Data  Gb  main.o [2]
strcat                   0x800'0d4d   0x1e  Code  Gb  strcat.o [3]
strcpy                   0x800'09a9         Code  Gb  strcpy.o [4]
wait_ms                  0x800'0963   0x26  Code  Gb  main.o [2]
write_to_eeprom          0x800'15eb   0xf0  Code  Gb  mem.o [2]


[1] = C:\Users\Simon Schwaab\Desktop\DMXSceneController\Obj\lib\st\src
[2] = C:\Users\Simon Schwaab\Desktop\DMXSceneController\Obj\src
[3] = dl7M_tln.a
[4] = rt7M_tl.a
[5] = shb_l.a

  9'868 bytes of readonly  code memory
    320 bytes of readonly  data memory
  1'720 bytes of readwrite data memory

Errors: none
Warnings: none
