###############################################################################
#
# IAR ELF Linker V9.10.2.313/W64 for ARM                  31/Oct/2021  13:11:32
# Copyright 2007-2021 IAR Systems AB.
#
#    Output file  =
#        C:\Users\Simon
#        Schwaab\Desktop\DMXSceneController\Exe\DMXSceneController
#    Map file     =
#        C:\Users\Simon
#        Schwaab\Desktop\DMXSceneController\List\DMXSceneController.map
#    Command line =
#        -f "C:\Users\Simon
#        Schwaab\Desktop\DMXSceneController\Exe\DMXSceneController.rsp"
#        ("C:\Users\Simon Schwaab\Desktop\DMXSceneController\Obj\src\dmx.o"
#        "C:\Users\Simon Schwaab\Desktop\DMXSceneController\Obj\src\init.o"
#        "C:\Users\Simon Schwaab\Desktop\DMXSceneController\Obj\src\io.o"
#        "C:\Users\Simon Schwaab\Desktop\DMXSceneController\Obj\src\iox.o"
#        "C:\Users\Simon Schwaab\Desktop\DMXSceneController\Obj\src\lcd.o"
#        "C:\Users\Simon Schwaab\Desktop\DMXSceneController\Obj\src\main.o"
#        "C:\Users\Simon Schwaab\Desktop\DMXSceneController\Obj\src\mem.o"
#        "C:\Users\Simon
#        Schwaab\Desktop\DMXSceneController\Obj\lib\st\src\misc.o"
#        "C:\Users\Simon
#        Schwaab\Desktop\DMXSceneController\Obj\src\startup_stm32f10x_md.o"
#        "C:\Users\Simon Schwaab\Desktop\DMXSceneController\Obj\src\states.o"
#        "C:\Users\Simon
#        Schwaab\Desktop\DMXSceneController\Obj\lib\st\src\stm32f10x_adc.o"
#        "C:\Users\Simon
#        Schwaab\Desktop\DMXSceneController\Obj\lib\st\src\stm32f10x_bkp.o"
#        "C:\Users\Simon
#        Schwaab\Desktop\DMXSceneController\Obj\lib\st\src\stm32f10x_can.o"
#        "C:\Users\Simon
#        Schwaab\Desktop\DMXSceneController\Obj\lib\st\src\stm32f10x_cec.o"
#        "C:\Users\Simon
#        Schwaab\Desktop\DMXSceneController\Obj\lib\st\src\stm32f10x_crc.o"
#        "C:\Users\Simon
#        Schwaab\Desktop\DMXSceneController\Obj\lib\st\src\stm32f10x_dac.o"
#        "C:\Users\Simon
#        Schwaab\Desktop\DMXSceneController\Obj\lib\st\src\stm32f10x_dbgmcu.o"
#        "C:\Users\Simon
#        Schwaab\Desktop\DMXSceneController\Obj\lib\st\src\stm32f10x_dma.o"
#        "C:\Users\Simon
#        Schwaab\Desktop\DMXSceneController\Obj\lib\st\src\stm32f10x_exti.o"
#        "C:\Users\Simon
#        Schwaab\Desktop\DMXSceneController\Obj\lib\st\src\stm32f10x_flash.o"
#        "C:\Users\Simon
#        Schwaab\Desktop\DMXSceneController\Obj\lib\st\src\stm32f10x_fsmc.o"
#        "C:\Users\Simon
#        Schwaab\Desktop\DMXSceneController\Obj\lib\st\src\stm32f10x_gpio.o"
#        "C:\Users\Simon
#        Schwaab\Desktop\DMXSceneController\Obj\lib\st\src\stm32f10x_i2c.o"
#        "C:\Users\Simon
#        Schwaab\Desktop\DMXSceneController\Obj\src\stm32f10x_it.o"
#        "C:\Users\Simon
#        Schwaab\Desktop\DMXSceneController\Obj\lib\st\src\stm32f10x_iwdg.o"
#        "C:\Users\Simon
#        Schwaab\Desktop\DMXSceneController\Obj\lib\st\src\stm32f10x_pwr.o"
#        "C:\Users\Simon
#        Schwaab\Desktop\DMXSceneController\Obj\lib\st\src\stm32f10x_rcc.o"
#        "C:\Users\Simon
#        Schwaab\Desktop\DMXSceneController\Obj\lib\st\src\stm32f10x_rtc.o"
#        "C:\Users\Simon
#        Schwaab\Desktop\DMXSceneController\Obj\lib\st\src\stm32f10x_sdio.o"
#        "C:\Users\Simon
#        Schwaab\Desktop\DMXSceneController\Obj\lib\st\src\stm32f10x_spi.o"
#        "C:\Users\Simon
#        Schwaab\Desktop\DMXSceneController\Obj\lib\st\src\stm32f10x_tim.o"
#        "C:\Users\Simon
#        Schwaab\Desktop\DMXSceneController\Obj\lib\st\src\stm32f10x_usart.o"
#        "C:\Users\Simon
#        Schwaab\Desktop\DMXSceneController\Obj\lib\st\src\stm32f10x_wwdg.o"
#        "C:\Users\Simon
#        Schwaab\Desktop\DMXSceneController\Obj\src\system_stm32f10x.o"
#        --redirect _Printf=_PrintfFull --redirect _Scanf=_ScanfFull
#        --no_out_extension -o "C:\Users\Simon
#        Schwaab\Desktop\DMXSceneController\Exe\DMXSceneController" --map
#        "C:\Users\Simon
#        Schwaab\Desktop\DMXSceneController\List\DMXSceneController.map"
#        --config "C:\Users\Simon
#        Schwaab\Desktop\DMXSceneController\link\stm32f10x_flash.icf"
#        --semihosting --entry __iar_program_start --vfe --text_out locale)
#
###############################################################################

*******************************************************************************
*** RUNTIME MODEL ATTRIBUTES
***

CppFlavor       = *
__SystemLibrary = DLib
__dlib_version  = 6


*******************************************************************************
*** HEAP SELECTION
***

The basic heap was selected because some modules are built with
size limitations (and not runtime checking), and --advanced_heap
was not specified.


*******************************************************************************
*** PLACEMENT SUMMARY
***

"A0":  place at address 0x800'0000 { ro section .intvec };
"P1":  place in [from 0x800'0000 to 0x80f'ffff] { ro };
define block CSTACK with size = 1K, alignment = 8 { };
define block HEAP with size = 512, alignment = 8 { };
"P2":  place in [from 0x2000'0000 to 0x2001'7fff] {
          rw, block CSTACK, block HEAP };
initialize by copy { rw };

  Section            Kind         Address    Size  Object
  -------            ----         -------    ----  ------
"A0":                                        0xec
  .intvec            ro code   0x800'0000    0xec  startup_stm32f10x_md.o [2]
                             - 0x800'00ec    0xec

"P1":                                      0x26fc
  .text              ro code   0x800'00ec   0x5c8  states.o [2]
  .text              ro code   0x800'06b4   0x204  stm32f10x_gpio.o [1]
  .text              ro code   0x800'08b8   0x104  main.o [2]
  .text              ro code   0x800'09bc    0x18  strcpy.o [4]
  .text              ro code   0x800'09d4   0x38c  dmx.o [2]
  .text              ro code   0x800'0d60    0x1e  strcat.o [3]
  .text              ro code   0x800'0d7e    0x2a  copy_init3.o [4]
  .text              ro code   0x800'0da8   0x3e4  iox.o [2]
  .text              ro code   0x800'118c    0xa4  init.o [2]
  .text              ro code   0x800'1230   0x154  io.o [2]
  .text              ro code   0x800'1384   0x238  lcd.o [2]
  .text              ro code   0x800'15bc   0x248  mem.o [2]
  .text              ro code   0x800'1804   0x2d4  stm32f10x_rcc.o [1]
  .text              ro code   0x800'1ad8   0x112  stm32f10x_usart.o [1]
  .text              ro code   0x800'1bec    0xb4  stm32f10x_dma.o [1]
  .text              ro code   0x800'1ca0    0x78  misc.o [1]
  .text              ro code   0x800'1d18   0x218  stm32f10x_tim.o [1]
  .text              ro code   0x800'1f30    0x98  stm32f10x_exti.o [1]
  .text              ro code   0x800'1fc8   0x1fe  stm32f10x_i2c.o [1]
  .text              ro code   0x800'21c8    0x60  stm32f10x_spi.o [1]
  .text              ro code   0x800'2228   0x2e4  stm32f10x_it.o [2]
  Initializer bytes  const     0x800'250c    0x50  <for P2-1>
  .text              ro code   0x800'255c    0x38  zero_init3.o [4]
  .text              ro code   0x800'2594    0x28  data_init.o [4]
  .iar.init_table    const     0x800'25bc    0x24  - Linker created -
  .text              ro code   0x800'25e0    0x1e  cmain.o [4]
  .text              ro code   0x800'25fe     0x4  low_level_init.o [3]
  .text              ro code   0x800'2602     0x4  exit.o [3]
  .text              ro code   0x800'2608     0xa  cexit.o [4]
  .text              ro code   0x800'2614    0x14  exit.o [5]
  .text              ro code   0x800'2628    0x1c  cstartup_M.o [4]
  .rodata            const     0x800'2644    0x14  main.o [2]
  .rodata            const     0x800'2658    0x14  main.o [2]
  .rodata            const     0x800'266c    0x10  main.o [2]
  .rodata            const     0x800'267c    0x10  main.o [2]
  .rodata            const     0x800'268c    0x10  main.o [2]
  .rodata            const     0x800'269c    0x10  main.o [2]
  .rodata            const     0x800'26ac    0x10  main.o [2]
  .rodata            const     0x800'26bc    0x10  main.o [2]
  .rodata            const     0x800'26cc     0xc  main.o [2]
  .rodata            const     0x800'26d8     0xc  main.o [2]
  .rodata            const     0x800'26e4     0xc  main.o [2]
  .rodata            const     0x800'26f0     0xc  main.o [2]
  .rodata            const     0x800'26fc     0xc  main.o [2]
  .rodata            const     0x800'2708     0x8  main.o [2]
  .text              ro code   0x800'2710     0x8  startup_stm32f10x_md.o [2]
  .text              ro code   0x800'2718     0x4  startup_stm32f10x_md.o [2]
  .text              ro code   0x800'271c     0x4  startup_stm32f10x_md.o [2]
  .text              ro code   0x800'2720     0x4  startup_stm32f10x_md.o [2]
  .text              ro code   0x800'2724     0x4  startup_stm32f10x_md.o [2]
  .text              ro code   0x800'2728     0x4  startup_stm32f10x_md.o [2]
  .text              ro code   0x800'272c     0x4  startup_stm32f10x_md.o [2]
  .text              ro code   0x800'2730     0x4  startup_stm32f10x_md.o [2]
  .text              ro code   0x800'2734     0x4  startup_stm32f10x_md.o [2]
  .text              ro code   0x800'2738     0x4  startup_stm32f10x_md.o [2]
  .text              ro code   0x800'273c     0x4  startup_stm32f10x_md.o [2]
  .text              ro code   0x800'2740     0x4  startup_stm32f10x_md.o [2]
  .text              ro code   0x800'2744     0x4  startup_stm32f10x_md.o [2]
  .text              ro code   0x800'2748     0x4  startup_stm32f10x_md.o [2]
  .text              ro code   0x800'274c     0x4  startup_stm32f10x_md.o [2]
  .text              ro code   0x800'2750     0x4  startup_stm32f10x_md.o [2]
  .text              ro code   0x800'2754     0x4  startup_stm32f10x_md.o [2]
  .text              ro code   0x800'2758     0x4  startup_stm32f10x_md.o [2]
  .text              ro code   0x800'275c     0x4  startup_stm32f10x_md.o [2]
  .text              ro code   0x800'2760     0x4  startup_stm32f10x_md.o [2]
  .text              ro code   0x800'2764     0x4  startup_stm32f10x_md.o [2]
  .text              ro code   0x800'2768     0x4  startup_stm32f10x_md.o [2]
  .text              ro code   0x800'276c     0x4  startup_stm32f10x_md.o [2]
  .text              ro code   0x800'2770     0x4  startup_stm32f10x_md.o [2]
  .text              ro code   0x800'2774     0x4  startup_stm32f10x_md.o [2]
  .text              ro code   0x800'2778     0x4  startup_stm32f10x_md.o [2]
  .text              ro code   0x800'277c     0x4  startup_stm32f10x_md.o [2]
  .text              ro code   0x800'2780     0x4  startup_stm32f10x_md.o [2]
  .text              ro code   0x800'2784     0x4  startup_stm32f10x_md.o [2]
  .text              ro code   0x800'2788     0x4  startup_stm32f10x_md.o [2]
  .text              ro code   0x800'278c     0x4  startup_stm32f10x_md.o [2]
  .text              ro code   0x800'2790     0x4  startup_stm32f10x_md.o [2]
  .text              ro code   0x800'2794     0x4  startup_stm32f10x_md.o [2]
  .text              ro code   0x800'2798     0x4  startup_stm32f10x_md.o [2]
  .text              ro code   0x800'279c     0x4  startup_stm32f10x_md.o [2]
  .text              ro code   0x800'27a0     0x4  startup_stm32f10x_md.o [2]
  .text              ro code   0x800'27a4     0x4  startup_stm32f10x_md.o [2]
  .text              ro code   0x800'27a8     0x4  startup_stm32f10x_md.o [2]
  .text              ro code   0x800'27ac     0x4  startup_stm32f10x_md.o [2]
  .text              ro code   0x800'27b0     0x4  startup_stm32f10x_md.o [2]
  .text              ro code   0x800'27b4     0x4  startup_stm32f10x_md.o [2]
  .text              ro code   0x800'27b8     0x4  startup_stm32f10x_md.o [2]
  .text              ro code   0x800'27bc     0x4  startup_stm32f10x_md.o [2]
  .text              ro code   0x800'27c0     0x4  startup_stm32f10x_md.o [2]
  .text              ro code   0x800'27c4     0x4  startup_stm32f10x_md.o [2]
  .text              ro code   0x800'27c8     0x4  startup_stm32f10x_md.o [2]
  .text              ro code   0x800'27cc     0x4  startup_stm32f10x_md.o [2]
  .text              ro code   0x800'27d0     0x4  startup_stm32f10x_md.o [2]
  .text              ro code   0x800'27d4     0x4  startup_stm32f10x_md.o [2]
  .text              ro code   0x800'27d8     0x4  startup_stm32f10x_md.o [2]
  .text              ro code   0x800'27dc     0x4  startup_stm32f10x_md.o [2]
  .text              ro code   0x800'27e0     0x4  startup_stm32f10x_md.o [2]
  .text              ro code   0x800'27e4     0x4  startup_stm32f10x_md.o [2]
  .rodata            const     0x800'27e8     0x0  zero_init3.o [4]
  .rodata            const     0x800'27e8     0x0  copy_init3.o [4]
                             - 0x800'27e8  0x26fc

"P2", part 1 of 3:                           0x50
  P2-1                        0x2000'0000    0x50  <Init block>
    .data            inited   0x2000'0000     0x4  main.o [2]
    .data            inited   0x2000'0004     0x4  main.o [2]
    .data            inited   0x2000'0008     0x4  main.o [2]
    .data            inited   0x2000'000c     0x4  main.o [2]
    .data            inited   0x2000'0010     0x4  main.o [2]
    .data            inited   0x2000'0014     0x4  main.o [2]
    .data            inited   0x2000'0018     0x4  main.o [2]
    .data            inited   0x2000'001c     0x4  main.o [2]
    .data            inited   0x2000'0020     0x4  main.o [2]
    .data            inited   0x2000'0024     0x4  main.o [2]
    .data            inited   0x2000'0028     0x4  main.o [2]
    .data            inited   0x2000'002c     0x4  main.o [2]
    .data            inited   0x2000'0030     0x4  main.o [2]
    .data            inited   0x2000'0034     0x4  main.o [2]
    .data            inited   0x2000'0038     0x4  main.o [2]
    .data            inited   0x2000'003c    0x10  stm32f10x_rcc.o [1]
    .data            inited   0x2000'004c     0x4  stm32f10x_rcc.o [1]
                            - 0x2000'0050    0x50

"P2", part 2 of 3:                          0x268
  .bss               zero     0x2000'0050   0x228  dmx.o [2]
  .bss               zero     0x2000'0278    0x24  lcd.o [2]
  .bss               zero     0x2000'029c     0x1  iox.o [2]
  .bss               zero     0x2000'029d     0x1  main.o [2]
  .bss               zero     0x2000'029e     0x1  main.o [2]
  .bss               zero     0x2000'029f     0x1  states.o [2]
  .bss               zero     0x2000'02a0     0x8  iox.o [2]
  .bss               zero     0x2000'02a8     0x8  main.o [2]
  .bss               zero     0x2000'02b0     0x8  main.o [2]
                            - 0x2000'02b8   0x268

"P2", part 3 of 3:                          0x400
  CSTACK                      0x2000'02b8   0x400  <Block>
    CSTACK           uninit   0x2000'02b8   0x400  <Block tail>
                            - 0x2000'06b8   0x400

Unused ranges:

         From           To      Size
         ----           --      ----
   0x800'27e8   0x80f'ffff  0xf'd818
  0x2000'06b8  0x2001'7fff  0x1'7948


*******************************************************************************
*** INIT TABLE
***

          Address      Size
          -------      ----
Zero (__iar_zero_init3)
    1 destination range, total size 0x268:
          0x2000'0050  0x268

Copy (__iar_copy_init3)
    1 source range, total size 0x50:
           0x800'250c   0x50
    1 destination range, total size 0x50:
          0x2000'0000   0x50



*******************************************************************************
*** MODULE SUMMARY
***

    Module                  ro code  ro data  rw data
    ------                  -------  -------  -------
command line/config:
    -------------------------------------------------
    Total:

C:\Users\Simon Schwaab\Desktop\DMXSceneController\Obj\lib\st\src: [1]
    misc.o                      120
    stm32f10x_dma.o             180
    stm32f10x_exti.o            152
    stm32f10x_gpio.o            516
    stm32f10x_i2c.o             510
    stm32f10x_rcc.o             724       20       20
    stm32f10x_spi.o              96
    stm32f10x_tim.o             536
    stm32f10x_usart.o           274
    -------------------------------------------------
    Total:                    3'108       20       20

C:\Users\Simon Schwaab\Desktop\DMXSceneController\Obj\src: [2]
    dmx.o                       908               552
    init.o                      164
    io.o                        340
    iox.o                       996                 9
    lcd.o                       568                36
    main.o                      260      264       78
    mem.o                       584
    startup_stm32f10x_md.o      452
    states.o                  1'480                 1
    stm32f10x_it.o              740
    -------------------------------------------------
    Total:                    6'492      264      676

dl7M_tln.a: [3]
    exit.o                        4
    low_level_init.o              4
    strcat.o                     30
    -------------------------------------------------
    Total:                       38

rt7M_tl.a: [4]
    cexit.o                      10
    cmain.o                      30
    copy_init3.o                 42
    cstartup_M.o                 28
    data_init.o                  40
    strcpy.o                     24
    zero_init3.o                 56
    -------------------------------------------------
    Total:                      230

shb_l.a: [5]
    exit.o                       20
    -------------------------------------------------
    Total:                       20

    Gaps                          8
    Linker created                        36    1'024
-----------------------------------------------------
    Grand Total:              9'896      320    1'720


*******************************************************************************
*** ENTRY LIST
***

Entry                       Address   Size  Type      Object
-----                       -------   ----  ----      ------
.iar.init_table$$Base    0x800'25bc          --   Gb  - Linker created -
.iar.init_table$$Limit   0x800'25e0          --   Gb  - Linker created -
?main                    0x800'25e1         Code  Gb  cmain.o [4]
ADCPrescTable           0x2000'004c    0x4  Data  Lc  stm32f10x_rcc.o [1]
APBAHBPrescTable        0x2000'003c   0x10  Data  Lc  stm32f10x_rcc.o [1]
BusFault_Handler         0x800'222f    0x2  Code  Gb  stm32f10x_it.o [2]
CSTACK$$Base            0x2000'02b8          --   Gb  - Linker created -
CSTACK$$Limit           0x2000'06b8          --   Gb  - Linker created -
DMA1_Channel2_IRQHandler
                         0x800'2323   0x5a  Code  Gb  stm32f10x_it.o [2]
DMA1_Channel5_IRQHandler
                         0x800'237d   0x36  Code  Gb  stm32f10x_it.o [2]
DMA_ClearITPendingBit    0x800'1c81   0x10  Code  Gb  stm32f10x_dma.o [1]
DMA_Cmd                  0x800'1c29   0x1e  Code  Gb  stm32f10x_dma.o [1]
DMA_GetITStatus          0x800'1c5f   0x22  Code  Gb  stm32f10x_dma.o [1]
DMA_ITConfig             0x800'1c47   0x18  Code  Gb  stm32f10x_dma.o [1]
DMA_Init                 0x800'1bed   0x3c  Code  Gb  stm32f10x_dma.o [1]
DebugMon_Handler         0x800'2235    0x2  Code  Gb  stm32f10x_it.o [2]
EXTI0_IRQHandler         0x800'224d    0x2  Code  Gb  stm32f10x_it.o [2]
EXTI15_10_IRQHandler     0x800'23b3   0xf8  Code  Gb  stm32f10x_it.o [2]
EXTI9_5_IRQHandler       0x800'24ab    0xe  Code  Gb  stm32f10x_it.o [2]
EXTI_Init                0x800'1f31   0x86  Code  Gb  stm32f10x_exti.o [1]
GPIO_EXTILineConfig      0x800'0855   0x58  Code  Gb  stm32f10x_gpio.o [1]
GPIO_Init                0x800'06b5   0xee  Code  Gb  stm32f10x_gpio.o [1]
GPIO_PinRemapConfig      0x800'07cf   0x86  Code  Gb  stm32f10x_gpio.o [1]
GPIO_ReadInputDataBit    0x800'07a3   0x1c  Code  Gb  stm32f10x_gpio.o [1]
GPIO_ResetBits           0x800'07c7    0x8  Code  Gb  stm32f10x_gpio.o [1]
GPIO_SetBits             0x800'07bf    0x8  Code  Gb  stm32f10x_gpio.o [1]
HardFault_Handler        0x800'222b    0x2  Code  Gb  stm32f10x_it.o [2]
I2C_AcknowledgeConfig    0x800'20f1   0x1e  Code  Gb  stm32f10x_i2c.o [1]
I2C_CheckEvent           0x800'2153   0x30  Code  Gb  stm32f10x_i2c.o [1]
I2C_GenerateSTART        0x800'20b5   0x1e  Code  Gb  stm32f10x_i2c.o [1]
I2C_GenerateSTOP         0x800'20d3   0x1e  Code  Gb  stm32f10x_i2c.o [1]
I2C_GetFlagStatus        0x800'2183   0x44  Code  Gb  stm32f10x_i2c.o [1]
I2C_Init                 0x800'1fc9   0xdc  Code  Gb  stm32f10x_i2c.o [1]
I2C_ReceiveData          0x800'2117    0x6  Code  Gb  stm32f10x_i2c.o [1]
I2C_Send7bitAddress      0x800'211d   0x1a  Code  Gb  stm32f10x_i2c.o [1]
I2C_SendData             0x800'210f    0x8  Code  Gb  stm32f10x_i2c.o [1]
I2C_SoftwareResetCmd     0x800'2137   0x1c  Code  Gb  stm32f10x_i2c.o [1]
MemManage_Handler        0x800'222d    0x2  Code  Gb  stm32f10x_it.o [2]
NMI_Handler              0x800'2229    0x2  Code  Gb  stm32f10x_it.o [2]
NVIC_Init                0x800'1ca1   0x66  Code  Gb  misc.o [1]
PendSV_Handler           0x800'2237    0x2  Code  Gb  stm32f10x_it.o [2]
RCC_AHBPeriphClockCmd    0x800'1a01   0x20  Code  Gb  stm32f10x_rcc.o [1]
RCC_APB1PeriphClockCmd   0x800'1a41   0x20  Code  Gb  stm32f10x_rcc.o [1]
RCC_APB2PeriphClockCmd   0x800'1a21   0x20  Code  Gb  stm32f10x_rcc.o [1]
RCC_GetClocksFreq        0x800'190d   0xf4  Code  Gb  stm32f10x_rcc.o [1]
RCC_GetFlagStatus        0x800'1a61   0x46  Code  Gb  stm32f10x_rcc.o [1]
RCC_HCLKConfig           0x800'18d5   0x12  Code  Gb  stm32f10x_rcc.o [1]
RCC_HSEConfig            0x800'1805   0x56  Code  Gb  stm32f10x_rcc.o [1]
RCC_PCLK1Config          0x800'18e7   0x12  Code  Gb  stm32f10x_rcc.o [1]
RCC_PCLK2Config          0x800'18f9   0x14  Code  Gb  stm32f10x_rcc.o [1]
RCC_PLLCmd               0x800'18b3    0xc  Code  Gb  stm32f10x_rcc.o [1]
RCC_PLLConfig            0x800'1897   0x1c  Code  Gb  stm32f10x_rcc.o [1]
RCC_SYSCLKConfig         0x800'18bf   0x16  Code  Gb  stm32f10x_rcc.o [1]
RCC_WaitForHSEStartUp    0x800'185b   0x3c  Code  Gb  stm32f10x_rcc.o [1]
Region$$Table$$Base      0x800'25bc          --   Gb  - Linker created -
Region$$Table$$Limit     0x800'25e0          --   Gb  - Linker created -
SPI_Cmd                  0x800'2207   0x1e  Code  Gb  stm32f10x_spi.o [1]
SPI_I2S_SendData         0x800'2225    0x4  Code  Gb  stm32f10x_spi.o [1]
SPI_Init                 0x800'21c9   0x3e  Code  Gb  stm32f10x_spi.o [1]
SVC_Handler              0x800'2233    0x2  Code  Gb  stm32f10x_it.o [2]
SysTick_Handler          0x800'2239   0x14  Code  Gb  stm32f10x_it.o [2]
TIM2_IRQHandler          0x800'224f    0x2  Code  Gb  stm32f10x_it.o [2]
TIM3_IRQHandler          0x800'2251   0x52  Code  Gb  stm32f10x_it.o [2]
TIM4_IRQHandler          0x800'22a3   0x80  Code  Gb  stm32f10x_it.o [2]
TIM_ClearITPendingBit    0x800'1f0b    0xa  Code  Gb  stm32f10x_tim.o [1]
TIM_Cmd                  0x800'1ed5   0x1e  Code  Gb  stm32f10x_tim.o [1]
TIM_ITConfig             0x800'1ef3   0x18  Code  Gb  stm32f10x_tim.o [1]
TIM_OC1Init              0x800'1da5   0x94  Code  Gb  stm32f10x_tim.o [1]
TIM_OC2Init              0x800'1e39   0x8a  Code  Gb  stm32f10x_tim.o [1]
TIM_TimeBaseInit         0x800'1d19   0x8c  Code  Gb  stm32f10x_tim.o [1]
USART_Cmd                0x800'1bb5   0x1e  Code  Gb  stm32f10x_usart.o [1]
USART_DMACmd             0x800'1bd3   0x18  Code  Gb  stm32f10x_usart.o [1]
USART_Init               0x800'1ad9   0xd8  Code  Gb  stm32f10x_usart.o [1]
UsageFault_Handler       0x800'2231    0x2  Code  Gb  stm32f10x_it.o [2]
__cmain                  0x800'25e1         Code  Gb  cmain.o [4]
__exit                   0x800'2615   0x14  Code  Gb  exit.o [5]
__iar_copy_init3         0x800'0d7f   0x2a  Code  Gb  copy_init3.o [4]
__iar_data_init3         0x800'2595   0x28  Code  Gb  data_init.o [4]
__iar_program_start      0x800'2629         Code  Gb  cstartup_M.o [4]
__iar_zero_init3         0x800'255d   0x38  Code  Gb  zero_init3.o [4]
__low_level_init         0x800'25ff    0x4  Code  Gb  low_level_init.o [3]
__vector_table           0x800'0000         Data  Gb  startup_stm32f10x_md.o [2]
_call_main               0x800'25ed         Code  Gb  cmain.o [4]
_exit                    0x800'2609         Code  Gb  cexit.o [4]
dmx                     0x2000'0050  0x228  Data  Gb  dmx.o [2]
dmx_capture_frame        0x800'0cd9    0xe  Code  Gb  dmx.o [2]
dmx_request_stop_transmit
                         0x800'0c8b   0x14  Code  Gb  dmx.o [2]
dmx_start_transmit       0x800'0c9f   0x3a  Code  Gb  dmx.o [2]
exit                     0x800'2603    0x4  Code  Gb  exit.o [3]
fsm                      0x800'00ed  0x5c8  Code  Gb  states.o [2]
i2c_transmit_data        0x800'10e3   0x70  Code  Gb  iox.o [2]
init_clock               0x800'119f   0x7c  Code  Gb  init.o [2]
init_core                0x800'118d   0x12  Code  Gb  init.o [2]
init_dmx                 0x800'09d5  0x2b6  Code  Gb  dmx.o [2]
init_i2c_iox             0x800'0da9  0x198  Code  Gb  iox.o [2]
init_io                  0x800'1231  0x154  Code  Gb  io.o [2]
init_iox_interrupt       0x800'0f41   0x62  Code  Gb  iox.o [2]
init_lcd                 0x800'1421   0xa0  Code  Gb  lcd.o [2]
init_mem                 0x800'15bd   0xbe  Code  Gb  mem.o [2]
iox_isr_flag            0x2000'029c    0x1  Data  Gb  iox.o [2]
iox_read_input           0x800'1033   0xb0  Code  Gb  iox.o [2]
iox_set_led              0x800'0fa3   0x30  Code  Gb  iox.o [2]
last_led_flash          0x2000'02b0    0x8  Data  Gb  main.o [2]
lcd                     0x2000'0278   0x24  Data  Gb  lcd.o [2]
lcd_clear                0x800'155d   0x18  Code  Gb  lcd.o [2]
lcd_putchars             0x800'1509   0x54  Code  Gb  lcd.o [2]
lcd_repaint              0x800'1575   0x3a  Code  Gb  lcd.o [2]
lcd_setcursor            0x800'14c1   0x48  Code  Gb  lcd.o [2]
lcd_write                0x800'1401   0x20  Code  Gb  lcd.o [2]
lcd_write4bit            0x800'1385   0x7c  Code  Gb  lcd.o [2]
load_scene               0x800'0ce7   0x1e  Code  Gb  dmx.o [2]
main                     0x800'08b9   0xbe  Code  Gb  main.o [2]
menu_buttons            0x2000'029e    0x1  Data  Gb  main.o [2]
millis                  0x2000'02a8    0x8  Data  Gb  main.o [2]
process_recall_buttons   0x800'0fd3   0x60  Code  Gb  iox.o [2]
read_from_eeprom         0x800'176b   0x84  Code  Gb  mem.o [2]
recall_btns_debounce_end
                        0x2000'02a0    0x8  Data  Gb  iox.o [2]
recall_buttons          0x2000'029d    0x1  Data  Gb  main.o [2]
save_scene               0x800'0d05   0x1e  Code  Gb  dmx.o [2]
state                   0x2000'029f    0x1  Data  Gb  states.o [2]
str_bootup_1            0x2000'0000    0x4  Data  Gb  main.o [2]
str_bootup_2            0x2000'0004    0x4  Data  Gb  main.o [2]
str_null                0x2000'0038    0x4  Data  Gb  main.o [2]
str_passtrough_1        0x2000'0010    0x4  Data  Gb  main.o [2]
str_recall_1            0x2000'0008    0x4  Data  Gb  main.o [2]
str_recall_2            0x2000'000c    0x4  Data  Gb  main.o [2]
str_record_1            0x2000'0014    0x4  Data  Gb  main.o [2]
str_record_2            0x2000'0018    0x4  Data  Gb  main.o [2]
str_record_foundframe_1
                        0x2000'0020    0x4  Data  Gb  main.o [2]
str_record_foundframe_2
                        0x2000'0024    0x4  Data  Gb  main.o [2]
str_record_savedframe_1
                        0x2000'0028    0x4  Data  Gb  main.o [2]
str_record_savedframe_2
                        0x2000'002c    0x4  Data  Gb  main.o [2]
str_record_searchframe_1
                        0x2000'001c    0x4  Data  Gb  main.o [2]
str_record_timeout_1    0x2000'0030    0x4  Data  Gb  main.o [2]
str_record_timeout_2    0x2000'0034    0x4  Data  Gb  main.o [2]
strcat                   0x800'0d61   0x1e  Code  Gb  strcat.o [3]
strcpy                   0x800'09bd         Code  Gb  strcpy.o [4]
wait_ms                  0x800'0977   0x26  Code  Gb  main.o [2]
write_to_eeprom          0x800'167b   0xf0  Code  Gb  mem.o [2]


[1] = C:\Users\Simon Schwaab\Desktop\DMXSceneController\Obj\lib\st\src
[2] = C:\Users\Simon Schwaab\Desktop\DMXSceneController\Obj\src
[3] = dl7M_tln.a
[4] = rt7M_tl.a
[5] = shb_l.a

  9'896 bytes of readonly  code memory
    320 bytes of readonly  data memory
  1'720 bytes of readwrite data memory

Errors: none
Warnings: none
