###############################################################################
#
# IAR ELF Linker V9.10.2.313/W64 for ARM                  10/Apr/2023  13:23:14
# Copyright 2007-2021 IAR Systems AB.
#
#    Output file  =
#        C:\Users\Simon
#        Schwaab\Desktop\DMXSceneController\Exe\DMXSceneController
#    Map file     =
#        C:\Users\Simon
#        Schwaab\Desktop\DMXSceneController\List\DMXSceneController.map
#    Command line =
#        -f "C:\Users\Simon
#        Schwaab\Desktop\DMXSceneController\Exe\DMXSceneController.rsp"
#        ("C:\Users\Simon Schwaab\Desktop\DMXSceneController\Obj\src\dmx.o"
#        "C:\Users\Simon Schwaab\Desktop\DMXSceneController\Obj\src\init.o"
#        "C:\Users\Simon Schwaab\Desktop\DMXSceneController\Obj\src\io.o"
#        "C:\Users\Simon Schwaab\Desktop\DMXSceneController\Obj\src\iox.o"
#        "C:\Users\Simon Schwaab\Desktop\DMXSceneController\Obj\src\lcd.o"
#        "C:\Users\Simon Schwaab\Desktop\DMXSceneController\Obj\src\main.o"
#        "C:\Users\Simon Schwaab\Desktop\DMXSceneController\Obj\src\mem.o"
#        "C:\Users\Simon
#        Schwaab\Desktop\DMXSceneController\Obj\lib\st\src\misc.o"
#        "C:\Users\Simon
#        Schwaab\Desktop\DMXSceneController\Obj\src\startup_stm32f10x_md.o"
#        "C:\Users\Simon Schwaab\Desktop\DMXSceneController\Obj\src\states.o"
#        "C:\Users\Simon
#        Schwaab\Desktop\DMXSceneController\Obj\lib\st\src\stm32f10x_adc.o"
#        "C:\Users\Simon
#        Schwaab\Desktop\DMXSceneController\Obj\lib\st\src\stm32f10x_bkp.o"
#        "C:\Users\Simon
#        Schwaab\Desktop\DMXSceneController\Obj\lib\st\src\stm32f10x_can.o"
#        "C:\Users\Simon
#        Schwaab\Desktop\DMXSceneController\Obj\lib\st\src\stm32f10x_cec.o"
#        "C:\Users\Simon
#        Schwaab\Desktop\DMXSceneController\Obj\lib\st\src\stm32f10x_crc.o"
#        "C:\Users\Simon
#        Schwaab\Desktop\DMXSceneController\Obj\lib\st\src\stm32f10x_dac.o"
#        "C:\Users\Simon
#        Schwaab\Desktop\DMXSceneController\Obj\lib\st\src\stm32f10x_dbgmcu.o"
#        "C:\Users\Simon
#        Schwaab\Desktop\DMXSceneController\Obj\lib\st\src\stm32f10x_dma.o"
#        "C:\Users\Simon
#        Schwaab\Desktop\DMXSceneController\Obj\lib\st\src\stm32f10x_exti.o"
#        "C:\Users\Simon
#        Schwaab\Desktop\DMXSceneController\Obj\lib\st\src\stm32f10x_flash.o"
#        "C:\Users\Simon
#        Schwaab\Desktop\DMXSceneController\Obj\lib\st\src\stm32f10x_fsmc.o"
#        "C:\Users\Simon
#        Schwaab\Desktop\DMXSceneController\Obj\lib\st\src\stm32f10x_gpio.o"
#        "C:\Users\Simon
#        Schwaab\Desktop\DMXSceneController\Obj\lib\st\src\stm32f10x_i2c.o"
#        "C:\Users\Simon
#        Schwaab\Desktop\DMXSceneController\Obj\src\stm32f10x_it.o"
#        "C:\Users\Simon
#        Schwaab\Desktop\DMXSceneController\Obj\lib\st\src\stm32f10x_iwdg.o"
#        "C:\Users\Simon
#        Schwaab\Desktop\DMXSceneController\Obj\lib\st\src\stm32f10x_pwr.o"
#        "C:\Users\Simon
#        Schwaab\Desktop\DMXSceneController\Obj\lib\st\src\stm32f10x_rcc.o"
#        "C:\Users\Simon
#        Schwaab\Desktop\DMXSceneController\Obj\lib\st\src\stm32f10x_rtc.o"
#        "C:\Users\Simon
#        Schwaab\Desktop\DMXSceneController\Obj\lib\st\src\stm32f10x_sdio.o"
#        "C:\Users\Simon
#        Schwaab\Desktop\DMXSceneController\Obj\lib\st\src\stm32f10x_spi.o"
#        "C:\Users\Simon
#        Schwaab\Desktop\DMXSceneController\Obj\lib\st\src\stm32f10x_tim.o"
#        "C:\Users\Simon
#        Schwaab\Desktop\DMXSceneController\Obj\lib\st\src\stm32f10x_usart.o"
#        "C:\Users\Simon
#        Schwaab\Desktop\DMXSceneController\Obj\lib\st\src\stm32f10x_wwdg.o"
#        "C:\Users\Simon
#        Schwaab\Desktop\DMXSceneController\Obj\src\system_stm32f10x.o"
#        --redirect _Printf=_PrintfFull --redirect _Scanf=_ScanfFull
#        --no_out_extension -o "C:\Users\Simon
#        Schwaab\Desktop\DMXSceneController\Exe\DMXSceneController" --map
#        "C:\Users\Simon
#        Schwaab\Desktop\DMXSceneController\List\DMXSceneController.map"
#        --config "C:\Users\Simon
#        Schwaab\Desktop\DMXSceneController\link\stm32f10x_flash.icf"
#        --semihosting --entry __iar_program_start --vfe --text_out locale)
#
###############################################################################

*******************************************************************************
*** RUNTIME MODEL ATTRIBUTES
***

CppFlavor       = *
__SystemLibrary = DLib
__dlib_version  = 6


*******************************************************************************
*** HEAP SELECTION
***

The basic heap was selected because some modules are built with
size limitations (and not runtime checking), and --advanced_heap
was not specified.


*******************************************************************************
*** PLACEMENT SUMMARY
***

"A0":  place at address 0x800'0000 { ro section .intvec };
"P1":  place in [from 0x800'0000 to 0x80f'ffff] { ro };
define block CSTACK with size = 1K, alignment = 8 { };
define block HEAP with size = 512, alignment = 8 { };
"P2":  place in [from 0x2000'0000 to 0x2001'7fff] {
          rw, block CSTACK, block HEAP };
initialize by copy { rw };

  Section            Kind         Address    Size  Object
  -------            ----         -------    ----  ------
"A0":                                        0xec
  .intvec            ro code   0x800'0000    0xec  startup_stm32f10x_md.o [2]
                             - 0x800'00ec    0xec

"P1":                                      0x268c
  .text              ro code   0x800'00ec   0x5c8  states.o [2]
  .text              ro code   0x800'06b4   0x204  stm32f10x_gpio.o [1]
  .text              ro code   0x800'08b8   0x100  main.o [2]
  .text              ro code   0x800'09b8    0x18  strcpy.o [4]
  .text              ro code   0x800'09d0   0x38c  dmx.o [2]
  .text              ro code   0x800'0d5c    0x1e  strcat.o [3]
  .text              ro code   0x800'0d7a    0x2a  copy_init3.o [4]
  .text              ro code   0x800'0da4   0x378  iox.o [2]
  .text              ro code   0x800'111c    0xa4  init.o [2]
  .text              ro code   0x800'11c0   0x154  io.o [2]
  .text              ro code   0x800'1314   0x238  lcd.o [2]
  .text              ro code   0x800'154c   0x248  mem.o [2]
  .text              ro code   0x800'1794   0x2d4  stm32f10x_rcc.o [1]
  .text              ro code   0x800'1a68   0x112  stm32f10x_usart.o [1]
  .text              ro code   0x800'1b7c    0xb4  stm32f10x_dma.o [1]
  .text              ro code   0x800'1c30    0x78  misc.o [1]
  .text              ro code   0x800'1ca8   0x218  stm32f10x_tim.o [1]
  .text              ro code   0x800'1ec0    0x98  stm32f10x_exti.o [1]
  .text              ro code   0x800'1f58   0x1fe  stm32f10x_i2c.o [1]
  .text              ro code   0x800'2158    0x60  stm32f10x_spi.o [1]
  .text              ro code   0x800'21b8   0x2e4  stm32f10x_it.o [2]
  Initializer bytes  const     0x800'249c    0x50  <for P2-1>
  .text              ro code   0x800'24ec    0x38  zero_init3.o [4]
  .text              ro code   0x800'2524    0x28  data_init.o [4]
  .iar.init_table    const     0x800'254c    0x24  - Linker created -
  .text              ro code   0x800'2570    0x1e  cmain.o [4]
  .text              ro code   0x800'258e     0x4  low_level_init.o [3]
  .text              ro code   0x800'2592     0x4  exit.o [3]
  .text              ro code   0x800'2598     0xa  cexit.o [4]
  .text              ro code   0x800'25a4    0x14  exit.o [5]
  .text              ro code   0x800'25b8    0x1c  cstartup_M.o [4]
  .rodata            const     0x800'25d4    0x14  main.o [2]
  .rodata            const     0x800'25e8    0x14  main.o [2]
  .rodata            const     0x800'25fc    0x10  main.o [2]
  .rodata            const     0x800'260c    0x10  main.o [2]
  .rodata            const     0x800'261c    0x10  main.o [2]
  .rodata            const     0x800'262c    0x10  main.o [2]
  .rodata            const     0x800'263c    0x10  main.o [2]
  .rodata            const     0x800'264c    0x10  main.o [2]
  .rodata            const     0x800'265c     0xc  main.o [2]
  .rodata            const     0x800'2668     0xc  main.o [2]
  .rodata            const     0x800'2674     0xc  main.o [2]
  .rodata            const     0x800'2680     0xc  main.o [2]
  .rodata            const     0x800'268c     0xc  main.o [2]
  .rodata            const     0x800'2698     0x8  main.o [2]
  .text              ro code   0x800'26a0     0x8  startup_stm32f10x_md.o [2]
  .text              ro code   0x800'26a8     0x4  startup_stm32f10x_md.o [2]
  .text              ro code   0x800'26ac     0x4  startup_stm32f10x_md.o [2]
  .text              ro code   0x800'26b0     0x4  startup_stm32f10x_md.o [2]
  .text              ro code   0x800'26b4     0x4  startup_stm32f10x_md.o [2]
  .text              ro code   0x800'26b8     0x4  startup_stm32f10x_md.o [2]
  .text              ro code   0x800'26bc     0x4  startup_stm32f10x_md.o [2]
  .text              ro code   0x800'26c0     0x4  startup_stm32f10x_md.o [2]
  .text              ro code   0x800'26c4     0x4  startup_stm32f10x_md.o [2]
  .text              ro code   0x800'26c8     0x4  startup_stm32f10x_md.o [2]
  .text              ro code   0x800'26cc     0x4  startup_stm32f10x_md.o [2]
  .text              ro code   0x800'26d0     0x4  startup_stm32f10x_md.o [2]
  .text              ro code   0x800'26d4     0x4  startup_stm32f10x_md.o [2]
  .text              ro code   0x800'26d8     0x4  startup_stm32f10x_md.o [2]
  .text              ro code   0x800'26dc     0x4  startup_stm32f10x_md.o [2]
  .text              ro code   0x800'26e0     0x4  startup_stm32f10x_md.o [2]
  .text              ro code   0x800'26e4     0x4  startup_stm32f10x_md.o [2]
  .text              ro code   0x800'26e8     0x4  startup_stm32f10x_md.o [2]
  .text              ro code   0x800'26ec     0x4  startup_stm32f10x_md.o [2]
  .text              ro code   0x800'26f0     0x4  startup_stm32f10x_md.o [2]
  .text              ro code   0x800'26f4     0x4  startup_stm32f10x_md.o [2]
  .text              ro code   0x800'26f8     0x4  startup_stm32f10x_md.o [2]
  .text              ro code   0x800'26fc     0x4  startup_stm32f10x_md.o [2]
  .text              ro code   0x800'2700     0x4  startup_stm32f10x_md.o [2]
  .text              ro code   0x800'2704     0x4  startup_stm32f10x_md.o [2]
  .text              ro code   0x800'2708     0x4  startup_stm32f10x_md.o [2]
  .text              ro code   0x800'270c     0x4  startup_stm32f10x_md.o [2]
  .text              ro code   0x800'2710     0x4  startup_stm32f10x_md.o [2]
  .text              ro code   0x800'2714     0x4  startup_stm32f10x_md.o [2]
  .text              ro code   0x800'2718     0x4  startup_stm32f10x_md.o [2]
  .text              ro code   0x800'271c     0x4  startup_stm32f10x_md.o [2]
  .text              ro code   0x800'2720     0x4  startup_stm32f10x_md.o [2]
  .text              ro code   0x800'2724     0x4  startup_stm32f10x_md.o [2]
  .text              ro code   0x800'2728     0x4  startup_stm32f10x_md.o [2]
  .text              ro code   0x800'272c     0x4  startup_stm32f10x_md.o [2]
  .text              ro code   0x800'2730     0x4  startup_stm32f10x_md.o [2]
  .text              ro code   0x800'2734     0x4  startup_stm32f10x_md.o [2]
  .text              ro code   0x800'2738     0x4  startup_stm32f10x_md.o [2]
  .text              ro code   0x800'273c     0x4  startup_stm32f10x_md.o [2]
  .text              ro code   0x800'2740     0x4  startup_stm32f10x_md.o [2]
  .text              ro code   0x800'2744     0x4  startup_stm32f10x_md.o [2]
  .text              ro code   0x800'2748     0x4  startup_stm32f10x_md.o [2]
  .text              ro code   0x800'274c     0x4  startup_stm32f10x_md.o [2]
  .text              ro code   0x800'2750     0x4  startup_stm32f10x_md.o [2]
  .text              ro code   0x800'2754     0x4  startup_stm32f10x_md.o [2]
  .text              ro code   0x800'2758     0x4  startup_stm32f10x_md.o [2]
  .text              ro code   0x800'275c     0x4  startup_stm32f10x_md.o [2]
  .text              ro code   0x800'2760     0x4  startup_stm32f10x_md.o [2]
  .text              ro code   0x800'2764     0x4  startup_stm32f10x_md.o [2]
  .text              ro code   0x800'2768     0x4  startup_stm32f10x_md.o [2]
  .text              ro code   0x800'276c     0x4  startup_stm32f10x_md.o [2]
  .text              ro code   0x800'2770     0x4  startup_stm32f10x_md.o [2]
  .text              ro code   0x800'2774     0x4  startup_stm32f10x_md.o [2]
  .rodata            const     0x800'2778     0x0  zero_init3.o [4]
  .rodata            const     0x800'2778     0x0  copy_init3.o [4]
                             - 0x800'2778  0x268c

"P2", part 1 of 3:                           0x50
  P2-1                        0x2000'0000    0x50  <Init block>
    .data            inited   0x2000'0000     0x4  main.o [2]
    .data            inited   0x2000'0004     0x4  main.o [2]
    .data            inited   0x2000'0008     0x4  main.o [2]
    .data            inited   0x2000'000c     0x4  main.o [2]
    .data            inited   0x2000'0010     0x4  main.o [2]
    .data            inited   0x2000'0014     0x4  main.o [2]
    .data            inited   0x2000'0018     0x4  main.o [2]
    .data            inited   0x2000'001c     0x4  main.o [2]
    .data            inited   0x2000'0020     0x4  main.o [2]
    .data            inited   0x2000'0024     0x4  main.o [2]
    .data            inited   0x2000'0028     0x4  main.o [2]
    .data            inited   0x2000'002c     0x4  main.o [2]
    .data            inited   0x2000'0030     0x4  main.o [2]
    .data            inited   0x2000'0034     0x4  main.o [2]
    .data            inited   0x2000'0038     0x4  main.o [2]
    .data            inited   0x2000'003c    0x10  stm32f10x_rcc.o [1]
    .data            inited   0x2000'004c     0x4  stm32f10x_rcc.o [1]
                            - 0x2000'0050    0x50

"P2", part 2 of 3:                          0x268
  .bss               zero     0x2000'0050   0x228  dmx.o [2]
  .bss               zero     0x2000'0278    0x24  lcd.o [2]
  .bss               zero     0x2000'029c     0x1  iox.o [2]
  .bss               zero     0x2000'029d     0x1  main.o [2]
  .bss               zero     0x2000'029e     0x1  main.o [2]
  .bss               zero     0x2000'029f     0x1  states.o [2]
  .bss               zero     0x2000'02a0     0x8  iox.o [2]
  .bss               zero     0x2000'02a8     0x8  main.o [2]
  .bss               zero     0x2000'02b0     0x8  main.o [2]
                            - 0x2000'02b8   0x268

"P2", part 3 of 3:                          0x400
  CSTACK                      0x2000'02b8   0x400  <Block>
    CSTACK           uninit   0x2000'02b8   0x400  <Block tail>
                            - 0x2000'06b8   0x400

Unused ranges:

         From           To      Size
         ----           --      ----
   0x800'2778   0x80f'ffff  0xf'd888
  0x2000'06b8  0x2001'7fff  0x1'7948


*******************************************************************************
*** INIT TABLE
***

          Address      Size
          -------      ----
Zero (__iar_zero_init3)
    1 destination range, total size 0x268:
          0x2000'0050  0x268

Copy (__iar_copy_init3)
    1 source range, total size 0x50:
           0x800'249c   0x50
    1 destination range, total size 0x50:
          0x2000'0000   0x50



*******************************************************************************
*** MODULE SUMMARY
***

    Module                  ro code  ro data  rw data
    ------                  -------  -------  -------
command line/config:
    -------------------------------------------------
    Total:

C:\Users\Simon Schwaab\Desktop\DMXSceneController\Obj\lib\st\src: [1]
    misc.o                      120
    stm32f10x_dma.o             180
    stm32f10x_exti.o            152
    stm32f10x_gpio.o            516
    stm32f10x_i2c.o             510
    stm32f10x_rcc.o             724       20       20
    stm32f10x_spi.o              96
    stm32f10x_tim.o             536
    stm32f10x_usart.o           274
    -------------------------------------------------
    Total:                    3'108       20       20

C:\Users\Simon Schwaab\Desktop\DMXSceneController\Obj\src: [2]
    dmx.o                       908               552
    init.o                      164
    io.o                        340
    iox.o                       888                 9
    lcd.o                       568                36
    main.o                      256      264       78
    mem.o                       584
    startup_stm32f10x_md.o      452
    states.o                  1'480                 1
    stm32f10x_it.o              740
    -------------------------------------------------
    Total:                    6'380      264      676

dl7M_tln.a: [3]
    exit.o                        4
    low_level_init.o              4
    strcat.o                     30
    -------------------------------------------------
    Total:                       38

rt7M_tl.a: [4]
    cexit.o                      10
    cmain.o                      30
    copy_init3.o                 42
    cstartup_M.o                 28
    data_init.o                  40
    strcpy.o                     24
    zero_init3.o                 56
    -------------------------------------------------
    Total:                      230

shb_l.a: [5]
    exit.o                       20
    -------------------------------------------------
    Total:                       20

    Gaps                          8
    Linker created                        36    1'024
-----------------------------------------------------
    Grand Total:              9'784      320    1'720


*******************************************************************************
*** ENTRY LIST
***

Entry                       Address   Size  Type      Object
-----                       -------   ----  ----      ------
.iar.init_table$$Base    0x800'254c          --   Gb  - Linker created -
.iar.init_table$$Limit   0x800'2570          --   Gb  - Linker created -
?main                    0x800'2571         Code  Gb  cmain.o [4]
ADCPrescTable           0x2000'004c    0x4  Data  Lc  stm32f10x_rcc.o [1]
APBAHBPrescTable        0x2000'003c   0x10  Data  Lc  stm32f10x_rcc.o [1]
BusFault_Handler         0x800'21bf    0x2  Code  Gb  stm32f10x_it.o [2]
CSTACK$$Base            0x2000'02b8          --   Gb  - Linker created -
CSTACK$$Limit           0x2000'06b8          --   Gb  - Linker created -
DMA1_Channel2_IRQHandler
                         0x800'22b3   0x5a  Code  Gb  stm32f10x_it.o [2]
DMA1_Channel5_IRQHandler
                         0x800'230d   0x36  Code  Gb  stm32f10x_it.o [2]
DMA_ClearITPendingBit    0x800'1c11   0x10  Code  Gb  stm32f10x_dma.o [1]
DMA_Cmd                  0x800'1bb9   0x1e  Code  Gb  stm32f10x_dma.o [1]
DMA_GetITStatus          0x800'1bef   0x22  Code  Gb  stm32f10x_dma.o [1]
DMA_ITConfig             0x800'1bd7   0x18  Code  Gb  stm32f10x_dma.o [1]
DMA_Init                 0x800'1b7d   0x3c  Code  Gb  stm32f10x_dma.o [1]
DebugMon_Handler         0x800'21c5    0x2  Code  Gb  stm32f10x_it.o [2]
EXTI0_IRQHandler         0x800'21dd    0x2  Code  Gb  stm32f10x_it.o [2]
EXTI15_10_IRQHandler     0x800'2343   0xf8  Code  Gb  stm32f10x_it.o [2]
EXTI9_5_IRQHandler       0x800'243b    0xe  Code  Gb  stm32f10x_it.o [2]
EXTI_Init                0x800'1ec1   0x86  Code  Gb  stm32f10x_exti.o [1]
GPIO_EXTILineConfig      0x800'0855   0x58  Code  Gb  stm32f10x_gpio.o [1]
GPIO_Init                0x800'06b5   0xee  Code  Gb  stm32f10x_gpio.o [1]
GPIO_PinRemapConfig      0x800'07cf   0x86  Code  Gb  stm32f10x_gpio.o [1]
GPIO_ReadInputDataBit    0x800'07a3   0x1c  Code  Gb  stm32f10x_gpio.o [1]
GPIO_ResetBits           0x800'07c7    0x8  Code  Gb  stm32f10x_gpio.o [1]
GPIO_SetBits             0x800'07bf    0x8  Code  Gb  stm32f10x_gpio.o [1]
HardFault_Handler        0x800'21bb    0x2  Code  Gb  stm32f10x_it.o [2]
I2C_AcknowledgeConfig    0x800'2081   0x1e  Code  Gb  stm32f10x_i2c.o [1]
I2C_CheckEvent           0x800'20e3   0x30  Code  Gb  stm32f10x_i2c.o [1]
I2C_GenerateSTART        0x800'2045   0x1e  Code  Gb  stm32f10x_i2c.o [1]
I2C_GenerateSTOP         0x800'2063   0x1e  Code  Gb  stm32f10x_i2c.o [1]
I2C_GetFlagStatus        0x800'2113   0x44  Code  Gb  stm32f10x_i2c.o [1]
I2C_Init                 0x800'1f59   0xdc  Code  Gb  stm32f10x_i2c.o [1]
I2C_ReceiveData          0x800'20a7    0x6  Code  Gb  stm32f10x_i2c.o [1]
I2C_Send7bitAddress      0x800'20ad   0x1a  Code  Gb  stm32f10x_i2c.o [1]
I2C_SendData             0x800'209f    0x8  Code  Gb  stm32f10x_i2c.o [1]
I2C_SoftwareResetCmd     0x800'20c7   0x1c  Code  Gb  stm32f10x_i2c.o [1]
MemManage_Handler        0x800'21bd    0x2  Code  Gb  stm32f10x_it.o [2]
NMI_Handler              0x800'21b9    0x2  Code  Gb  stm32f10x_it.o [2]
NVIC_Init                0x800'1c31   0x66  Code  Gb  misc.o [1]
PendSV_Handler           0x800'21c7    0x2  Code  Gb  stm32f10x_it.o [2]
RCC_AHBPeriphClockCmd    0x800'1991   0x20  Code  Gb  stm32f10x_rcc.o [1]
RCC_APB1PeriphClockCmd   0x800'19d1   0x20  Code  Gb  stm32f10x_rcc.o [1]
RCC_APB2PeriphClockCmd   0x800'19b1   0x20  Code  Gb  stm32f10x_rcc.o [1]
RCC_GetClocksFreq        0x800'189d   0xf4  Code  Gb  stm32f10x_rcc.o [1]
RCC_GetFlagStatus        0x800'19f1   0x46  Code  Gb  stm32f10x_rcc.o [1]
RCC_HCLKConfig           0x800'1865   0x12  Code  Gb  stm32f10x_rcc.o [1]
RCC_HSEConfig            0x800'1795   0x56  Code  Gb  stm32f10x_rcc.o [1]
RCC_PCLK1Config          0x800'1877   0x12  Code  Gb  stm32f10x_rcc.o [1]
RCC_PCLK2Config          0x800'1889   0x14  Code  Gb  stm32f10x_rcc.o [1]
RCC_PLLCmd               0x800'1843    0xc  Code  Gb  stm32f10x_rcc.o [1]
RCC_PLLConfig            0x800'1827   0x1c  Code  Gb  stm32f10x_rcc.o [1]
RCC_SYSCLKConfig         0x800'184f   0x16  Code  Gb  stm32f10x_rcc.o [1]
RCC_WaitForHSEStartUp    0x800'17eb   0x3c  Code  Gb  stm32f10x_rcc.o [1]
Region$$Table$$Base      0x800'254c          --   Gb  - Linker created -
Region$$Table$$Limit     0x800'2570          --   Gb  - Linker created -
SPI_Cmd                  0x800'2197   0x1e  Code  Gb  stm32f10x_spi.o [1]
SPI_I2S_SendData         0x800'21b5    0x4  Code  Gb  stm32f10x_spi.o [1]
SPI_Init                 0x800'2159   0x3e  Code  Gb  stm32f10x_spi.o [1]
SVC_Handler              0x800'21c3    0x2  Code  Gb  stm32f10x_it.o [2]
SysTick_Handler          0x800'21c9   0x14  Code  Gb  stm32f10x_it.o [2]
TIM2_IRQHandler          0x800'21df    0x2  Code  Gb  stm32f10x_it.o [2]
TIM3_IRQHandler          0x800'21e1   0x52  Code  Gb  stm32f10x_it.o [2]
TIM4_IRQHandler          0x800'2233   0x80  Code  Gb  stm32f10x_it.o [2]
TIM_ClearITPendingBit    0x800'1e9b    0xa  Code  Gb  stm32f10x_tim.o [1]
TIM_Cmd                  0x800'1e65   0x1e  Code  Gb  stm32f10x_tim.o [1]
TIM_ITConfig             0x800'1e83   0x18  Code  Gb  stm32f10x_tim.o [1]
TIM_OC1Init              0x800'1d35   0x94  Code  Gb  stm32f10x_tim.o [1]
TIM_OC2Init              0x800'1dc9   0x8a  Code  Gb  stm32f10x_tim.o [1]
TIM_TimeBaseInit         0x800'1ca9   0x8c  Code  Gb  stm32f10x_tim.o [1]
USART_Cmd                0x800'1b45   0x1e  Code  Gb  stm32f10x_usart.o [1]
USART_DMACmd             0x800'1b63   0x18  Code  Gb  stm32f10x_usart.o [1]
USART_Init               0x800'1a69   0xd8  Code  Gb  stm32f10x_usart.o [1]
UsageFault_Handler       0x800'21c1    0x2  Code  Gb  stm32f10x_it.o [2]
__cmain                  0x800'2571         Code  Gb  cmain.o [4]
__exit                   0x800'25a5   0x14  Code  Gb  exit.o [5]
__iar_copy_init3         0x800'0d7b   0x2a  Code  Gb  copy_init3.o [4]
__iar_data_init3         0x800'2525   0x28  Code  Gb  data_init.o [4]
__iar_program_start      0x800'25b9         Code  Gb  cstartup_M.o [4]
__iar_zero_init3         0x800'24ed   0x38  Code  Gb  zero_init3.o [4]
__low_level_init         0x800'258f    0x4  Code  Gb  low_level_init.o [3]
__vector_table           0x800'0000         Data  Gb  startup_stm32f10x_md.o [2]
_call_main               0x800'257d         Code  Gb  cmain.o [4]
_exit                    0x800'2599         Code  Gb  cexit.o [4]
dmx                     0x2000'0050  0x228  Data  Gb  dmx.o [2]
dmx_capture_frame        0x800'0cd5    0xe  Code  Gb  dmx.o [2]
dmx_request_stop_transmit
                         0x800'0c87   0x14  Code  Gb  dmx.o [2]
dmx_start_transmit       0x800'0c9b   0x3a  Code  Gb  dmx.o [2]
exit                     0x800'2593    0x4  Code  Gb  exit.o [3]
fsm                      0x800'00ed  0x5c8  Code  Gb  states.o [2]
i2c_transmit_data        0x800'1071   0x70  Code  Gb  iox.o [2]
init_clock               0x800'112f   0x7c  Code  Gb  init.o [2]
init_core                0x800'111d   0x12  Code  Gb  init.o [2]
init_dmx                 0x800'09d1  0x2b6  Code  Gb  dmx.o [2]
init_i2c_iox             0x800'0da5  0x194  Code  Gb  iox.o [2]
init_io                  0x800'11c1  0x154  Code  Gb  io.o [2]
init_lcd                 0x800'13b1   0xa0  Code  Gb  lcd.o [2]
init_mem                 0x800'154d   0xbe  Code  Gb  mem.o [2]
iox_isr_flag            0x2000'029c    0x1  Data  Gb  iox.o [2]
iox_read_input           0x800'0fc1   0xb0  Code  Gb  iox.o [2]
iox_set_led              0x800'0f39   0x30  Code  Gb  iox.o [2]
last_led_flash          0x2000'02b0    0x8  Data  Gb  main.o [2]
lcd                     0x2000'0278   0x24  Data  Gb  lcd.o [2]
lcd_clear                0x800'14ed   0x18  Code  Gb  lcd.o [2]
lcd_putchars             0x800'1499   0x54  Code  Gb  lcd.o [2]
lcd_repaint              0x800'1505   0x3a  Code  Gb  lcd.o [2]
lcd_setcursor            0x800'1451   0x48  Code  Gb  lcd.o [2]
lcd_write                0x800'1391   0x20  Code  Gb  lcd.o [2]
lcd_write4bit            0x800'1315   0x7c  Code  Gb  lcd.o [2]
load_scene               0x800'0ce3   0x1e  Code  Gb  dmx.o [2]
main                     0x800'08b9   0xba  Code  Gb  main.o [2]
menu_buttons            0x2000'029e    0x1  Data  Gb  main.o [2]
millis                  0x2000'02a8    0x8  Data  Gb  main.o [2]
process_recall_buttons   0x800'0f69   0x58  Code  Gb  iox.o [2]
read_from_eeprom         0x800'16fb   0x84  Code  Gb  mem.o [2]
recall_btns_debounce_end
                        0x2000'02a0    0x8  Data  Gb  iox.o [2]
recall_buttons          0x2000'029d    0x1  Data  Gb  main.o [2]
save_scene               0x800'0d01   0x1e  Code  Gb  dmx.o [2]
state                   0x2000'029f    0x1  Data  Gb  states.o [2]
str_bootup_1            0x2000'0000    0x4  Data  Gb  main.o [2]
str_bootup_2            0x2000'0004    0x4  Data  Gb  main.o [2]
str_null                0x2000'0038    0x4  Data  Gb  main.o [2]
str_passtrough_1        0x2000'0010    0x4  Data  Gb  main.o [2]
str_recall_1            0x2000'0008    0x4  Data  Gb  main.o [2]
str_recall_2            0x2000'000c    0x4  Data  Gb  main.o [2]
str_record_1            0x2000'0014    0x4  Data  Gb  main.o [2]
str_record_2            0x2000'0018    0x4  Data  Gb  main.o [2]
str_record_foundframe_1
                        0x2000'0020    0x4  Data  Gb  main.o [2]
str_record_foundframe_2
                        0x2000'0024    0x4  Data  Gb  main.o [2]
str_record_savedframe_1
                        0x2000'0028    0x4  Data  Gb  main.o [2]
str_record_savedframe_2
                        0x2000'002c    0x4  Data  Gb  main.o [2]
str_record_searchframe_1
                        0x2000'001c    0x4  Data  Gb  main.o [2]
str_record_timeout_1    0x2000'0030    0x4  Data  Gb  main.o [2]
str_record_timeout_2    0x2000'0034    0x4  Data  Gb  main.o [2]
strcat                   0x800'0d5d   0x1e  Code  Gb  strcat.o [3]
strcpy                   0x800'09b9         Code  Gb  strcpy.o [4]
wait_ms                  0x800'0973   0x26  Code  Gb  main.o [2]
write_to_eeprom          0x800'160b   0xf0  Code  Gb  mem.o [2]


[1] = C:\Users\Simon Schwaab\Desktop\DMXSceneController\Obj\lib\st\src
[2] = C:\Users\Simon Schwaab\Desktop\DMXSceneController\Obj\src
[3] = dl7M_tln.a
[4] = rt7M_tl.a
[5] = shb_l.a

  9'784 bytes of readonly  code memory
    320 bytes of readonly  data memory
  1'720 bytes of readwrite data memory

Errors: none
Warnings: none
